2026-06-18 07:10:37,227 INFO o.a.j.u.JMeterUtils: Setting Locale to en_EN
2026-06-18 07:10:37,344 INFO o.a.j.JMeter: Loading user properties from: E:\apache-jmeter-5.6.3\bin\user.properties
2026-06-18 07:10:37,367 INFO o.a.j.JMeter: Loading system properties from: E:\apache-jmeter-5.6.3\bin\system.properties
2026-06-18 07:10:37,377 INFO o.a.j.JMeter: Copyright (c) 1998-2024 The Apache Software Foundation
2026-06-18 07:10:37,377 INFO o.a.j.JMeter: Version 5.6.3
2026-06-18 07:10:37,377 INFO o.a.j.JMeter: java.version=21.0.10
2026-06-18 07:10:37,377 INFO o.a.j.JMeter: java.vm.name=Java HotSpot(TM) 64-Bit Server VM
2026-06-18 07:10:37,377 INFO o.a.j.JMeter: os.name=Windows 11
2026-06-18 07:10:37,378 INFO o.a.j.JMeter: os.arch=amd64
2026-06-18 07:10:37,378 INFO o.a.j.JMeter: os.version=10.0
2026-06-18 07:10:37,378 INFO o.a.j.JMeter: file.encoding=UTF-8
2026-06-18 07:10:37,378 INFO o.a.j.JMeter: java.awt.headless=null
2026-06-18 07:10:37,378 INFO o.a.j.JMeter: Max memory     =1073741824
2026-06-18 07:10:37,378 INFO o.a.j.JMeter: Available Processors =16
2026-06-18 07:10:37,394 INFO o.a.j.JMeter: Default Locale=English (EN)
2026-06-18 07:10:37,395 INFO o.a.j.JMeter: JMeter  Locale=English (EN)
2026-06-18 07:10:37,395 INFO o.a.j.JMeter: JMeterHome=E:\apache-jmeter-5.6.3
2026-06-18 07:10:37,395 INFO o.a.j.JMeter: user.dir  =C:\Users\damn\Desktop\shopping
2026-06-18 07:10:37,395 INFO o.a.j.JMeter: PWD       =C:\Users\damn\Desktop\shopping
2026-06-18 07:10:37,397 INFO o.a.j.JMeter: IP: 198.18.0.0 Name: DESKTOP-E7OHT68 FullName: DESKTOP-E7OHT68
